Archive member included to satisfy reference by file (symbol)

/usr/lib/i386-linux-gnu/libc_nonshared.a(elf-init.oS)
                              /usr/lib/gcc/i686-linux-gnu/5/../../../i386-linux-gnu/crt1.o (__libc_csu_init)

Allocating common symbols
Common symbol       size              file

i                   0x1               memory.o

Discarded input sections

 .note.GNU-stack
                0x0000000000000000        0x0 /usr/lib/gcc/i686-linux-gnu/5/../../../i386-linux-gnu/crt1.o
 .note.GNU-stack
                0x0000000000000000        0x0 /usr/lib/gcc/i686-linux-gnu/5/../../../i386-linux-gnu/crti.o
 .note.GNU-stack
                0x0000000000000000        0x0 /usr/lib/gcc/i686-linux-gnu/5/crtbegin.o
 .note.GNU-stack
                0x0000000000000000        0x0 main.o
 .note.GNU-stack
                0x0000000000000000        0x0 project1.o
 .note.GNU-stack
                0x0000000000000000        0x0 memory.o
 .note.GNU-stack
                0x0000000000000000        0x0 conversion.o
 .note.GNU-stack
                0x0000000000000000        0x0 data.o
 .note.GNU-stack
                0x0000000000000000        0x0 debug.o
 .group         0x0000000000000000        0x8 /usr/lib/i386-linux-gnu/libc_nonshared.a(elf-init.oS)
 .text.__x86.get_pc_thunk.bx
                0x0000000000000000        0x4 /usr/lib/i386-linux-gnu/libc_nonshared.a(elf-init.oS)
 .note.GNU-stack
                0x0000000000000000        0x0 /usr/lib/i386-linux-gnu/libc_nonshared.a(elf-init.oS)
 .note.GNU-stack
                0x0000000000000000        0x0 /usr/lib/gcc/i686-linux-gnu/5/crtend.o
 .note.GNU-stack
                0x0000000000000000        0x0 /usr/lib/gcc/i686-linux-gnu/5/../../../i386-linux-gnu/crtn.o

Memory Configuration

Name             Origin             Length             Attributes
*default*        0x0000000000000000 0xffffffffffffffff

Linker script and memory map

LOAD /usr/lib/gcc/i686-linux-gnu/5/../../../i386-linux-gnu/crt1.o
LOAD /usr/lib/gcc/i686-linux-gnu/5/../../../i386-linux-gnu/crti.o
LOAD /usr/lib/gcc/i686-linux-gnu/5/crtbegin.o
LOAD main.o
LOAD project1.o
LOAD memory.o
LOAD conversion.o
LOAD data.o
LOAD debug.o
LOAD /usr/lib/gcc/i686-linux-gnu/5/libgcc.a
LOAD /usr/lib/gcc/i686-linux-gnu/5/libgcc_s.so
LOAD /usr/lib/gcc/i686-linux-gnu/5/../../../i386-linux-gnu/libc.so
START GROUP
LOAD /lib/i386-linux-gnu/libc.so.6
LOAD /usr/lib/i386-linux-gnu/libc_nonshared.a
LOAD /lib/i386-linux-gnu/ld-linux.so.2
END GROUP
LOAD /usr/lib/gcc/i686-linux-gnu/5/libgcc.a
LOAD /usr/lib/gcc/i686-linux-gnu/5/libgcc_s.so
LOAD /usr/lib/gcc/i686-linux-gnu/5/crtend.o
LOAD /usr/lib/gcc/i686-linux-gnu/5/../../../i386-linux-gnu/crtn.o
                [!provide]                        PROVIDE (__executable_start, 0x8048000)
                0x0000000008048154                . = (0x8048000 + SIZEOF_HEADERS)

.interp         0x0000000008048154       0x13
 *(.interp)
 .interp        0x0000000008048154       0x13 /usr/lib/gcc/i686-linux-gnu/5/../../../i386-linux-gnu/crt1.o

.note.ABI-tag   0x0000000008048168       0x20
 .note.ABI-tag  0x0000000008048168       0x20 /usr/lib/gcc/i686-linux-gnu/5/../../../i386-linux-gnu/crt1.o

.note.gnu.build-id
                0x0000000008048188       0x24
 *(.note.gnu.build-id)
 .note.gnu.build-id
                0x0000000008048188       0x24 /usr/lib/gcc/i686-linux-gnu/5/../../../i386-linux-gnu/crt1.o

.hash
 *(.hash)

.gnu.hash       0x00000000080481ac       0x20
 *(.gnu.hash)
 .gnu.hash      0x00000000080481ac       0x20 /usr/lib/gcc/i686-linux-gnu/5/../../../i386-linux-gnu/crt1.o

.dynsym         0x00000000080481cc       0x90
 *(.dynsym)
 .dynsym        0x00000000080481cc       0x90 /usr/lib/gcc/i686-linux-gnu/5/../../../i386-linux-gnu/crt1.o

.dynstr         0x000000000804825c       0x78
 *(.dynstr)
 .dynstr        0x000000000804825c       0x78 /usr/lib/gcc/i686-linux-gnu/5/../../../i386-linux-gnu/crt1.o

.gnu.version    0x00000000080482d4       0x12
 *(.gnu.version)
 .gnu.version   0x00000000080482d4       0x12 /usr/lib/gcc/i686-linux-gnu/5/../../../i386-linux-gnu/crt1.o

.gnu.version_d  0x00000000080482e8        0x0
 *(.gnu.version_d)
 .gnu.version_d
                0x00000000080482e8        0x0 /usr/lib/gcc/i686-linux-gnu/5/../../../i386-linux-gnu/crt1.o

.gnu.version_r  0x00000000080482e8       0x30
 *(.gnu.version_r)
 .gnu.version_r
                0x00000000080482e8       0x30 /usr/lib/gcc/i686-linux-gnu/5/../../../i386-linux-gnu/crt1.o

.rel.dyn        0x0000000008048318        0x8
 *(.rel.init)
 *(.rel.text .rel.text.* .rel.gnu.linkonce.t.*)
 .rel.text      0x0000000008048318        0x0 /usr/lib/gcc/i686-linux-gnu/5/../../../i386-linux-gnu/crt1.o
 *(.rel.fini)
 *(.rel.rodata .rel.rodata.* .rel.gnu.linkonce.r.*)
 *(.rel.data.rel.ro .rel.data.rel.ro.* .rel.gnu.linkonce.d.rel.ro.*)
 *(.rel.data .rel.data.* .rel.gnu.linkonce.d.*)
 *(.rel.tdata .rel.tdata.* .rel.gnu.linkonce.td.*)
 *(.rel.tbss .rel.tbss.* .rel.gnu.linkonce.tb.*)
 *(.rel.ctors)
 *(.rel.dtors)
 *(.rel.got)
 .rel.got       0x0000000008048318        0x8 /usr/lib/gcc/i686-linux-gnu/5/../../../i386-linux-gnu/crt1.o
 *(.rel.bss .rel.bss.* .rel.gnu.linkonce.b.*)
 .rel.bss       0x0000000008048320        0x0 /usr/lib/gcc/i686-linux-gnu/5/../../../i386-linux-gnu/crt1.o
 *(.rel.ifunc)

.rel.plt        0x0000000008048320       0x30
 *(.rel.plt)
 .rel.plt       0x0000000008048320       0x30 /usr/lib/gcc/i686-linux-gnu/5/../../../i386-linux-gnu/crt1.o
                [!provide]                        PROVIDE (__rel_iplt_start, .)
 *(.rel.iplt)
 .rel.iplt      0x0000000008048350        0x0 /usr/lib/gcc/i686-linux-gnu/5/../../../i386-linux-gnu/crt1.o
                [!provide]                        PROVIDE (__rel_iplt_end, .)

.init           0x0000000008048350       0x23
 *(SORT(.init))
 .init          0x0000000008048350       0x1e /usr/lib/gcc/i686-linux-gnu/5/../../../i386-linux-gnu/crti.o
                0x0000000008048350                _init
 .init          0x000000000804836e        0x5 /usr/lib/gcc/i686-linux-gnu/5/../../../i386-linux-gnu/crtn.o

.plt            0x0000000008048380       0x70
 *(.plt)
 .plt           0x0000000008048380       0x70 /usr/lib/gcc/i686-linux-gnu/5/../../../i386-linux-gnu/crt1.o
                0x0000000008048390                printf@@GLIBC_2.0
                0x00000000080483a0                free@@GLIBC_2.0
                0x00000000080483b0                __stack_chk_fail@@GLIBC_2.4
                0x00000000080483c0                malloc@@GLIBC_2.0
                0x00000000080483d0                puts@@GLIBC_2.0
                0x00000000080483e0                __libc_start_main@@GLIBC_2.0
 *(.iplt)
 .iplt          0x00000000080483f0        0x0 /usr/lib/gcc/i686-linux-gnu/5/../../../i386-linux-gnu/crt1.o

.plt.got        0x00000000080483f0        0x8
 *(.plt.got)
 .plt.got       0x00000000080483f0        0x8 /usr/lib/gcc/i686-linux-gnu/5/../../../i386-linux-gnu/crt1.o

.text           0x0000000008048400     0x13b2
 *(.text.unlikely .text.*_unlikely .text.unlikely.*)
 .text.unlikely
                0x0000000008048400        0x0 /usr/lib/gcc/i686-linux-gnu/5/crtbegin.o
 .text.unlikely
                0x0000000008048400        0x0 /usr/lib/i386-linux-gnu/libc_nonshared.a(elf-init.oS)
 *(.text.exit .text.exit.*)
 *(.text.startup .text.startup.*)
 *(.text.hot .text.hot.*)
 *(.text .stub .text.* .gnu.linkonce.t.*)
 .text          0x0000000008048400       0x22 /usr/lib/gcc/i686-linux-gnu/5/../../../i386-linux-gnu/crt1.o
                0x0000000008048400                _start
 .text          0x0000000008048422        0x0 /usr/lib/gcc/i686-linux-gnu/5/../../../i386-linux-gnu/crti.o
 *fill*         0x0000000008048422        0xe 
 .gnu.linkonce.t.__x86.get_pc_thunk.bx
                0x0000000008048430        0x4 /usr/lib/gcc/i686-linux-gnu/5/../../../i386-linux-gnu/crti.o
                0x0000000008048430                __x86.get_pc_thunk.bx
 *fill*         0x0000000008048434        0xc 
 .text          0x0000000008048440       0xbb /usr/lib/gcc/i686-linux-gnu/5/crtbegin.o
 .text          0x00000000080484fb        0xa main.o
                0x00000000080484fb                main
 .text          0x0000000008048505      0x847 project1.o
                0x0000000008048505                test_data1
                0x00000000080485a0                test_data2
                0x000000000804863b                test_memmove1
                0x000000000804871e                test_memmove2
                0x0000000008048801                test_memmove3
                0x00000000080488ea                test_memcpy
                0x00000000080489cd                test_memset
                0x0000000008048ae7                test_reverse
                0x0000000008048c52                project1
 .text          0x0000000008048d4c      0x30c memory.o
                0x0000000008048d4c                my_memmove
                0x0000000008048e06                my_memcpy
                0x0000000008048e58                my_memset
                0x0000000008048e9d                my_memzero
                0x0000000008048ed6                my_reverse
                0x0000000008049017                reserve_words
                0x000000000804903a                free_words
 .text          0x0000000008049058      0x1fd conversion.o
                0x0000000008049058                my_itoa
                0x0000000008049128                my_atoi
                0x0000000008049221                power
 .text          0x0000000008049255      0x4f2 data.o
                0x0000000008049255                print_cstd_type_sizes
                0x0000000008049396                print_stdint_type_sizes
                0x000000000804950b                print_pointer_sizes
                0x0000000008049666                swap_data_endianness
                0x0000000008049701                determine_endianness
 .text          0x0000000008049747        0x6 debug.o
                0x0000000008049747                print_array
 *fill*         0x000000000804974d        0x3 
 .text          0x0000000008049750       0x62 /usr/lib/i386-linux-gnu/libc_nonshared.a(elf-init.oS)
                0x0000000008049750                __libc_csu_init
                0x00000000080497b0                __libc_csu_fini
 .text          0x00000000080497b2        0x0 /usr/lib/gcc/i686-linux-gnu/5/crtend.o
 .text          0x00000000080497b2        0x0 /usr/lib/gcc/i686-linux-gnu/5/../../../i386-linux-gnu/crtn.o
 *(.gnu.warning)

.fini           0x00000000080497b4       0x14
 *(SORT(.fini))
 .fini          0x00000000080497b4        0xf /usr/lib/gcc/i686-linux-gnu/5/../../../i386-linux-gnu/crti.o
                0x00000000080497b4                _fini
 .fini          0x00000000080497c3        0x5 /usr/lib/gcc/i686-linux-gnu/5/../../../i386-linux-gnu/crtn.o
                [!provide]                        PROVIDE (__etext, .)
                [!provide]                        PROVIDE (_etext, .)
                [!provide]                        PROVIDE (etext, .)

.rodata         0x00000000080497c8      0x318
 *(.rodata .rodata.* .gnu.linkonce.r.*)
 .rodata        0x00000000080497c8        0x4 /usr/lib/gcc/i686-linux-gnu/5/../../../i386-linux-gnu/crt1.o
                0x00000000080497c8                _fp_hw
 .rodata.cst4   0x00000000080497cc        0x4 /usr/lib/gcc/i686-linux-gnu/5/../../../i386-linux-gnu/crt1.o
                0x00000000080497cc                _IO_stdin_used
 .rodata        0x00000000080497d0      0x12d project1.o
 .rodata        0x00000000080498fd      0x1e3 data.o

.rodata1
 *(.rodata1)

.eh_frame_hdr   0x0000000008049ae0       0xf4
 *(.eh_frame_hdr)
 .eh_frame_hdr  0x0000000008049ae0       0xf4 main.o
                0x0000000008049ae0                __GNU_EH_FRAME_HDR
 *(.eh_frame_entry .eh_frame_entry.*)

.eh_frame       0x0000000008049bd4      0x3e0
 *(.eh_frame)
 .eh_frame      0x0000000008049bd4       0x3c /usr/lib/gcc/i686-linux-gnu/5/../../../i386-linux-gnu/crt1.o
                                         0x40 (size before relaxing)
 .eh_frame      0x0000000008049c10       0x20 main.o
                                         0x38 (size before relaxing)
 .eh_frame      0x0000000008049c30      0x120 project1.o
                                        0x138 (size before relaxing)
 .eh_frame      0x0000000008049d50       0xe0 memory.o
                                         0xf8 (size before relaxing)
 .eh_frame      0x0000000008049e30       0x60 conversion.o
                                         0x78 (size before relaxing)
 .eh_frame      0x0000000008049e90       0xa0 data.o
                                         0xb8 (size before relaxing)
 .eh_frame      0x0000000008049f30       0x20 debug.o
                                         0x38 (size before relaxing)
 .eh_frame      0x0000000008049f50       0x60 /usr/lib/i386-linux-gnu/libc_nonshared.a(elf-init.oS)
                                         0x8c (size before relaxing)
 .eh_frame      0x0000000008049fb0        0x4 /usr/lib/gcc/i686-linux-gnu/5/crtend.o
 *(.eh_frame.*)

.gcc_except_table
 *(.gcc_except_table .gcc_except_table.*)

.gnu_extab
 *(.gnu_extab*)

.exception_ranges
 *(.exception_ranges .exception_ranges*)
                0x000000000804bf08                . = DATA_SEGMENT_ALIGN (0x1000, 0x1000)

.eh_frame
 *(.eh_frame)
 *(.eh_frame.*)

.gnu_extab
 *(.gnu_extab)

.gcc_except_table
 *(.gcc_except_table .gcc_except_table.*)

.exception_ranges
 *(.exception_ranges .exception_ranges*)

.tdata
 *(.tdata .tdata.* .gnu.linkonce.td.*)

.tbss
 *(.tbss .tbss.* .gnu.linkonce.tb.*)
 *(.tcommon)

.preinit_array  0x000000000804bf08        0x0
                [!provide]                        PROVIDE (__preinit_array_start, .)
 *(.preinit_array)
                [!provide]                        PROVIDE (__preinit_array_end, .)

.init_array     0x000000000804bf08        0x4
                0x000000000804bf08                PROVIDE (__init_array_start, .)
 *(SORT(.init_array.*) SORT(.ctors.*))
 *(.init_array EXCLUDE_FILE(*crtend?.o *crtend.o *crtbegin?.o *crtbegin.o) .ctors)
 .init_array    0x000000000804bf08        0x4 /usr/lib/gcc/i686-linux-gnu/5/crtbegin.o
                0x000000000804bf0c                PROVIDE (__init_array_end, .)

.fini_array     0x000000000804bf0c        0x4
                [!provide]                        PROVIDE (__fini_array_start, .)
 *(SORT(.fini_array.*) SORT(.dtors.*))
 *(.fini_array EXCLUDE_FILE(*crtend?.o *crtend.o *crtbegin?.o *crtbegin.o) .dtors)
 .fini_array    0x000000000804bf0c        0x4 /usr/lib/gcc/i686-linux-gnu/5/crtbegin.o
                [!provide]                        PROVIDE (__fini_array_end, .)

.ctors
 *crtbegin.o(.ctors)
 *crtbegin?.o(.ctors)
 *(EXCLUDE_FILE(*crtend?.o *crtend.o) .ctors)
 *(SORT(.ctors.*))
 *(.ctors)

.dtors
 *crtbegin.o(.dtors)
 *crtbegin?.o(.dtors)
 *(EXCLUDE_FILE(*crtend?.o *crtend.o) .dtors)
 *(SORT(.dtors.*))
 *(.dtors)

.jcr            0x000000000804bf10        0x4
 *(.jcr)
 .jcr           0x000000000804bf10        0x0 /usr/lib/gcc/i686-linux-gnu/5/crtbegin.o
 .jcr           0x000000000804bf10        0x4 /usr/lib/gcc/i686-linux-gnu/5/crtend.o

.data.rel.ro
 *(.data.rel.ro.local* .gnu.linkonce.d.rel.ro.local.*)
 *(.data.rel.ro .data.rel.ro.* .gnu.linkonce.d.rel.ro.*)

.dynamic        0x000000000804bf14       0xe8
 *(.dynamic)
 .dynamic       0x000000000804bf14       0xe8 /usr/lib/gcc/i686-linux-gnu/5/../../../i386-linux-gnu/crt1.o
                0x000000000804bf14                _DYNAMIC

.got            0x000000000804bffc        0x4
 *(.got)
 .got           0x000000000804bffc        0x4 /usr/lib/gcc/i686-linux-gnu/5/../../../i386-linux-gnu/crt1.o
 *(.igot)
                0x000000000804cff4                . = DATA_SEGMENT_RELRO_END (., (SIZEOF (.got.plt) >= 0xc)?0xc:0x0)

.got.plt        0x000000000804c000       0x24
 *(.got.plt)
 .got.plt       0x000000000804c000       0x24 /usr/lib/gcc/i686-linux-gnu/5/../../../i386-linux-gnu/crt1.o
                0x000000000804c000                _GLOBAL_OFFSET_TABLE_
 *(.igot.plt)
 .igot.plt      0x000000000804c024        0x0 /usr/lib/gcc/i686-linux-gnu/5/../../../i386-linux-gnu/crt1.o

.data           0x000000000804c024        0x8
 *(.data .data.* .gnu.linkonce.d.*)
 .data          0x000000000804c024        0x4 /usr/lib/gcc/i686-linux-gnu/5/../../../i386-linux-gnu/crt1.o
                0x000000000804c024                data_start
                0x000000000804c024                __data_start
 .data          0x000000000804c028        0x0 /usr/lib/gcc/i686-linux-gnu/5/../../../i386-linux-gnu/crti.o
 .data          0x000000000804c028        0x4 /usr/lib/gcc/i686-linux-gnu/5/crtbegin.o
                0x000000000804c028                __dso_handle
 .data          0x000000000804c02c        0x0 main.o
 .data          0x000000000804c02c        0x0 project1.o
 .data          0x000000000804c02c        0x0 memory.o
 .data          0x000000000804c02c        0x0 conversion.o
 .data          0x000000000804c02c        0x0 data.o
 .data          0x000000000804c02c        0x0 debug.o
 .data          0x000000000804c02c        0x0 /usr/lib/i386-linux-gnu/libc_nonshared.a(elf-init.oS)
 .data          0x000000000804c02c        0x0 /usr/lib/gcc/i686-linux-gnu/5/crtend.o
 .data          0x000000000804c02c        0x0 /usr/lib/gcc/i686-linux-gnu/5/../../../i386-linux-gnu/crtn.o

.tm_clone_table
                0x000000000804c02c        0x0
 .tm_clone_table
                0x000000000804c02c        0x0 /usr/lib/gcc/i686-linux-gnu/5/crtbegin.o
 .tm_clone_table
                0x000000000804c02c        0x0 /usr/lib/gcc/i686-linux-gnu/5/crtend.o

.data1
 *(.data1)
                0x000000000804c02c                _edata = .
                [!provide]                        PROVIDE (edata, .)
                0x000000000804c02c                . = .
                0x000000000804c02c                __bss_start = .

.bss            0x000000000804c02c        0x4
 *(.dynbss)
 .dynbss        0x000000000804c02c        0x0 /usr/lib/gcc/i686-linux-gnu/5/../../../i386-linux-gnu/crt1.o
 *(.bss .bss.* .gnu.linkonce.b.*)
 .bss           0x000000000804c02c        0x0 /usr/lib/gcc/i686-linux-gnu/5/../../../i386-linux-gnu/crt1.o
 .bss           0x000000000804c02c        0x0 /usr/lib/gcc/i686-linux-gnu/5/../../../i386-linux-gnu/crti.o
 .bss           0x000000000804c02c        0x1 /usr/lib/gcc/i686-linux-gnu/5/crtbegin.o
 .bss           0x000000000804c02d        0x0 main.o
 .bss           0x000000000804c02d        0x0 project1.o
 .bss           0x000000000804c02d        0x0 memory.o
 .bss           0x000000000804c02d        0x0 conversion.o
 .bss           0x000000000804c02d        0x0 data.o
 .bss           0x000000000804c02d        0x0 debug.o
 .bss           0x000000000804c02d        0x0 /usr/lib/i386-linux-gnu/libc_nonshared.a(elf-init.oS)
 .bss           0x000000000804c02d        0x0 /usr/lib/gcc/i686-linux-gnu/5/crtend.o
 .bss           0x000000000804c02d        0x0 /usr/lib/gcc/i686-linux-gnu/5/../../../i386-linux-gnu/crtn.o
 *(COMMON)
 COMMON         0x000000000804c02d        0x1 memory.o
                0x000000000804c02d                i
                0x000000000804c030                . = ALIGN ((. != 0x0)?0x4:0x1)
 *fill*         0x000000000804c02e        0x2 
                0x000000000804c030                . = ALIGN (0x4)
                0x000000000804c030                . = SEGMENT_START ("ldata-segment", .)
                0x000000000804c030                . = ALIGN (0x4)
                0x000000000804c030                _end = .
                [!provide]                        PROVIDE (end, .)
                0x000000000804c030                . = DATA_SEGMENT_END (.)

.stab
 *(.stab)

.stabstr
 *(.stabstr)

.stab.excl
 *(.stab.excl)

.stab.exclstr
 *(.stab.exclstr)

.stab.index
 *(.stab.index)

.stab.indexstr
 *(.stab.indexstr)

.comment        0x0000000000000000       0x34
 *(.comment)
 .comment       0x0000000000000000       0x34 /usr/lib/gcc/i686-linux-gnu/5/crtbegin.o
                                         0x35 (size before relaxing)
 .comment       0x0000000000000034       0x35 main.o
 .comment       0x0000000000000034       0x35 project1.o
 .comment       0x0000000000000034       0x35 memory.o
 .comment       0x0000000000000034       0x35 conversion.o
 .comment       0x0000000000000034       0x35 data.o
 .comment       0x0000000000000034       0x35 debug.o
 .comment       0x0000000000000034       0x35 /usr/lib/gcc/i686-linux-gnu/5/crtend.o

.debug
 *(.debug)

.line
 *(.line)

.debug_srcinfo
 *(.debug_srcinfo)

.debug_sfnames
 *(.debug_sfnames)

.debug_aranges
 *(.debug_aranges)

.debug_pubnames
 *(.debug_pubnames)

.debug_info
 *(.debug_info .gnu.linkonce.wi.*)

.debug_abbrev
 *(.debug_abbrev)

.debug_line
 *(.debug_line .debug_line.* .debug_line_end)

.debug_frame
 *(.debug_frame)

.debug_str
 *(.debug_str)

.debug_loc
 *(.debug_loc)

.debug_macinfo
 *(.debug_macinfo)

.debug_weaknames
 *(.debug_weaknames)

.debug_funcnames
 *(.debug_funcnames)

.debug_typenames
 *(.debug_typenames)

.debug_varnames
 *(.debug_varnames)

.debug_pubtypes
 *(.debug_pubtypes)

.debug_ranges
 *(.debug_ranges)

.debug_macro
 *(.debug_macro)

.gnu.attributes
 *(.gnu.attributes)

/DISCARD/
 *(.note.GNU-stack)
 *(.gnu_debuglink)
 *(.gnu.lto_*)
OUTPUT(project1.out elf32-i386)
